===== weekly_sync 2026-09-03 10:31:50（Python 3.11.15）=====
--- fetch_bigquery: clock_in_app
  ⚠ com_mp_clockin_IOS.top_issues 失敗：400 Unrecognized name: error; Did you mean errors? at [7:17]; reason: invalidQuery, location: query, message: Unrecognized name: error; Did you mean errors? at [7:17]

Location: US
Job ID: ea78ed59-c0
  ⚠ com_mp_clockinapp_ANDROID.top_issues 失敗：400 Unrecognized name: error; Did you mean errors? at [7:17]; reason: invalidQuery, location: query, message: Unrecognized name: error; Did you mean errors? at [7:17]

Location: US
Job ID: e5d635ff-d9
  ✓ com_mp_clockin_IOS.overview: 1 列
  ✓ com_mp_clockin_IOS.daily_trend: 8 列
  ✓ com_mp_clockin_IOS.new_issues: 1 列
  ✓ com_mp_clockin_IOS.issue_versions: 4 列
  ✓ com_mp_clockin_IOS.by_device: 4 列
  ✓ com_mp_clockin_IOS.by_os: 4 列
  ✓ com_mp_clockin_IOS.by_app_version: 2 列
  ✓ com_mp_clockin_IOS.custom_keys: 0 列
  ✓ com_mp_clockinapp_ANDROID.overview: 1 列
  ✓ com_mp_clockinapp_ANDROID.daily_trend: 2 列
  ✓ com_mp_clockinapp_ANDROID.new_issues: 1 列
  ✓ com_mp_clockinapp_ANDROID.issue_versions: 2 列
  ✓ com_mp_clockinapp_ANDROID.by_device: 2 列
  ✓ com_mp_clockinapp_ANDROID.by_os: 2 列
  ✓ com_mp_clockinapp_ANDROID.by_app_version: 1 列
  ✓ com_mp_clockinapp_ANDROID.custom_keys: 0 列
  ✓ 寫入 out/clock_in_app/crashlytics_bq.json
  ✓ AppDashboardV2Data 轉換完成並通過 Schema V2 驗證
  ✓ 寫入 out/clock_in_app/dashboard_v2.json
[注意] 部分查詢失敗（詳見輸出 errors 欄位）
    （clock_in_app 本次無 BQ 資料，原因見上）
--- fetch_sessions: clock_in_app
  （App「clock_in_app」設定為停用 Sessions，略過 BigQuery 查詢）
  ✓ 寫入 out/clock_in_app/sessions.json
  ✓ 寫入 out/clock_in_app/dashboard_v2.json
  ✓ 已更新 out/clock_in_app/dashboard_v2.json Sessions 指標（標記為未開啟）
--- fetch_issue_details: clock_in_app
  [注意] 無法建立 BigQuery client：No module named 'crash_trend'
  ✓ 寫入 out/clock_in_app/issue_details.json
  ✓ Issue details fetched for 4 issues
  ✓ 寫入 out/clock_in_app/dashboard_v2.json
  ✓ 已更新 out/clock_in_app/dashboard_v2.json Top Issues 詳細資訊（Blame frame / Stack）
--- normalize: clock_in_app
  ✓ 寫入 out/clock_in_app/unified.json
  ✓ 寫入 reports/data/clock_in_app/2026-09.json
  來源狀態：{'crashlytics_bq': True, 'mcp_report': False, 'manual_console': False, 'mcp_crashlytics': False}；issues 合計 0 筆
--- analyze_gemini: clock_in_app
  ✓ 寫入 out/clock_in_app/dashboard_v2.json
  ✓ 已更新 out/clock_in_app/dashboard_v2.json Priority Score 與 AI 策略摘要
  ✓ 本期無資料，已產出空月報 reports/clock_in_app/2026-09.md
--- check_surge: clock_in_app
  （未設 CRASH_REPORT_URL，跳過暴增偵測）
--- build_dashboard (Dashboard V2 Bundle)
  ✓ 成功產生自包含 Dashboard V2 儀表板: /Users/vince.huang/develop/tools/crash-trend/dashboard.html
